{
  "documents": 1000,
  "passages": 3000,
  "terms": 4078,
  "source_bytes": 536276,
  "pack_bytes": 462744,
  "pack_to_source_ratio": 0.8628840373240645,
  "build_ms": 70.38537500193343,
  "verify_runs": 25,
  "verify_first_ms_process_inclusive": 4.056750040035695,
  "verify_p50_ms_process_inclusive": 3.2268749782815576,
  "verify_p95_ms_process_inclusive": 3.5305829951539636,
  "query_count": 100,
  "query_p50_ms_process_inclusive": 5.9265630261506885,
  "query_p95_ms_process_inclusive": 6.1707080458290875,
  "first_result_correct": true,
  "binary": "/Users/anika/annpackv2/target/release/annpack",
  "note": "Verify and query latency include CLI process startup and pack open; p95 gates reduce single-sample scheduler noise without hiding sustained regressions.",
  "gates": {
    "pack_ratio": {
      "actual": 0.8628840373240645,
      "limit": 0.9,
      "pass": true
    },
    "build_ms": {
      "actual": 70.38537500193343,
      "limit": 1500.0,
      "pass": true
    },
    "verify_p95_ms_process_inclusive": {
      "actual": 3.5305829951539636,
      "limit": 25.0,
      "pass": true
    },
    "query_p95_ms_process_inclusive": {
      "actual": 6.1707080458290875,
      "limit": 25.0,
      "pass": true
    },
    "retrieval_correctness": {
      "actual": true,
      "limit": true,
      "pass": true
    }
  }
}
