   Compiling proc-macro2 v1.0.106
   Compiling unicode-ident v1.0.24
   Compiling quote v1.0.46
   Compiling cfg-if v1.0.4
   Compiling stable_deref_trait v1.2.1
   Compiling libc v0.2.186
   Compiling find-msvc-tools v0.1.9
   Compiling shlex v2.0.1
   Compiling wasm-bindgen-shared v0.2.126
   Compiling version_check v0.9.5
   Compiling litemap v0.8.2
   Compiling zeroize v1.9.0
   Compiling writeable v0.6.3
   Compiling cc v1.2.67
   Compiling utf8_iter v1.0.4
   Compiling generic-array v0.14.7
   Compiling rustversion v1.0.23
   Compiling icu_normalizer_data v2.2.0
   Compiling typenum v1.20.1
   Compiling icu_properties_data v2.2.0
   Compiling serde_core v1.0.228
   Compiling ring v0.17.14
   Compiling rustls-pki-types v1.15.0
   Compiling semver v1.0.28
   Compiling smallvec v1.15.2
   Compiling zerocopy v0.8.54
   Compiling bumpalo v3.20.3
   Compiling once_cell v1.21.4
   Compiling rustc_version v0.4.1
   Compiling wasm-bindgen v0.2.126
   Compiling crypto-common v0.1.7
   Compiling block-buffer v0.10.4
   Compiling utf8parse v0.2.2
   Compiling serde v1.0.228
   Compiling untrusted v0.9.0
   Compiling crc32fast v1.5.0
   Compiling subtle v2.6.1
   Compiling getrandom v0.2.17
   Compiling rand_core v0.6.4
   Compiling anstyle-parse v1.0.0
   Compiling syn v2.0.119
   Compiling digest v0.10.7
   Compiling curve25519-dalek v4.1.3
   Compiling colorchoice v1.0.5
   Compiling pin-project-lite v0.2.17
   Compiling simd-adler32 v0.3.10
   Compiling is_terminal_polyfill v1.70.2
   Compiling percent-encoding v2.3.2
   Compiling anstyle-query v1.1.5
   Compiling anstyle v1.0.14
   Compiling zmij v1.0.23
   Compiling rustls v0.23.42
   Compiling futures-task v0.3.32
   Compiling adler2 v2.0.1
   Compiling slab v0.4.12
   Compiling futures-core v0.3.32
   Compiling miniz_oxide v0.8.9
   Compiling futures-util v0.3.32
   Compiling synstructure v0.13.2
   Compiling wasm-bindgen-macro-support v0.2.126
   Compiling anstream v1.0.0
   Compiling form_urlencoded v1.2.2
   Compiling cpufeatures v0.2.17
   Compiling zerofrom-derive v0.1.7
   Compiling yoke-derive v0.8.2
   Compiling zerovec-derive v0.11.3
   Compiling displaydoc v0.2.6
   Compiling zerofrom v0.1.8
   Compiling serde_derive v1.0.228
   Compiling webpki-roots v1.0.8
   Compiling blake3 v1.8.5
   Compiling signature v2.2.0
   Compiling strsim v0.11.1
   Compiling clap_lex v1.1.0
   Compiling hashbrown v0.17.1
   Compiling heck v0.5.0
   Compiling wasm-bindgen-macro v0.2.126
   Compiling ppv-lite86 v0.2.21
   Compiling itoa v1.0.18
   Compiling tinyvec_macros v0.1.1
   Compiling serde_json v1.0.150
   Compiling equivalent v1.0.2
   Compiling log v0.4.33
   Compiling thiserror v2.0.18
   Compiling rand_chacha v0.3.1
   Compiling indexmap v2.14.0
   Compiling tinyvec v1.12.0
   Compiling rustls-webpki v0.103.13
   Compiling clap_derive v4.6.1
   Compiling yoke v0.8.3
   Compiling clap_builder v4.6.2
   Compiling ed25519 v2.2.3
   Compiling webpki-roots v0.26.11
   Compiling flate2 v1.1.9
   Compiling sha2 v0.10.9
   Compiling thiserror-impl v2.0.18
   Compiling ryu v1.0.23
   Compiling arrayref v0.3.9
   Compiling unsafe-libyaml v0.2.11
   Compiling constant_time_eq v0.4.2
   Compiling memchr v2.8.3
   Compiling same-file v1.0.6
   Compiling arrayvec v0.7.8
   Compiling base64 v0.22.1
   Compiling clap v4.6.2
   Compiling walkdir v2.5.0
   Compiling js-sys v0.3.103
   Compiling serde_yaml_ng v0.10.0
   Compiling zerovec v0.11.6
   Compiling zerotrie v0.2.4
   Compiling ed25519-dalek v2.2.0
   Compiling unicode-normalization v0.1.25
   Compiling rand v0.8.7
   Compiling hex v0.4.3
   Compiling tinystr v0.8.3
   Compiling potential_utf v0.1.5
   Compiling icu_collections v2.2.0
   Compiling icu_locale_core v2.2.0
   Compiling serde-wasm-bindgen v0.6.5
   Compiling icu_provider v2.2.0
   Compiling icu_normalizer v2.2.0
   Compiling icu_properties v2.2.0
   Compiling idna_adapter v1.2.2
   Compiling idna v1.1.0
   Compiling url v2.5.8
   Compiling ureq v2.12.1
   Compiling annpack v0.3.0 (/Users/anika/annpackv2)
    Finished `release` profile [optimized] target(s) in 42.20s
