   Compiling annpack-fuzz v0.0.0 (/Users/anika/annpackv2/fuzz)
    Finished `release` profile [optimized + debuginfo] target(s) in 0.20s
    Finished `release` profile [optimized + debuginfo] target(s) in 0.02s
     Running `fuzz/target/aarch64-apple-darwin/release/decode_varint -artifact_prefix=/Users/anika/annpackv2/fuzz/artifacts/decode_varint/ -max_total_time=21600 -artifact_prefix=/Users/anika/annpackv2/launch/evidence/2026-07-20/workstream2-fuzz/decode_varint_crash_ fuzz/corpus/decode_varint /Users/anika/annpackv2/fuzz/corpus/decode_varint`
INFO: Running with entropic power schedule (0xFF, 100).
INFO: Seed: 1298623082
INFO: Loaded 1 modules   (79940 inline 8-bit counters): 79940 [0x10115c120, 0x10116f964), 
INFO: Loaded 1 PC tables (79940 PCs): 79940 [0x10116f968,0x1012a7da8), 
INFO:       24 files found in fuzz/corpus/decode_varint
INFO:       24 files found in /Users/anika/annpackv2/fuzz/corpus/decode_varint
INFO: -max_len is not provided; libFuzzer will not generate inputs larger than 4096 bytes
INFO: seed corpus: files: 48 min: 1b max: 16b total: 300b rss: 38Mb
#49	INITED cov: 62 ft: 62 corp: 21/126b exec/s: 0 rss: 39Mb
#524288	pulse  cov: 62 ft: 62 corp: 21/126b lim: 4096 exec/s: 262144 rss: 87Mb
#1048576	pulse  cov: 62 ft: 62 corp: 21/126b lim: 4096 exec/s: 262144 rss: 135Mb
#2097152	pulse  cov: 62 ft: 62 corp: 21/126b lim: 4096 exec/s: 262144 rss: 231Mb
#4194304	pulse  cov: 62 ft: 62 corp: 21/126b lim: 4096 exec/s: 246723 rss: 423Mb
#8388608	pulse  cov: 62 ft: 62 corp: 21/126b lim: 4096 exec/s: 239674 rss: 562Mb
#16777216	pulse  cov: 62 ft: 62 corp: 21/126b lim: 4096 exec/s: 233016 rss: 563Mb
#33554432	pulse  cov: 62 ft: 62 corp: 21/126b lim: 4096 exec/s: 233016 rss: 564Mb
#67108864	pulse  cov: 62 ft: 62 corp: 21/126b lim: 4096 exec/s: 232210 rss: 564Mb
#134217728	pulse  cov: 62 ft: 62 corp: 21/126b lim: 4096 exec/s: 232210 rss: 565Mb
#268435456	pulse  cov: 62 ft: 62 corp: 21/126b lim: 4096 exec/s: 232009 rss: 565Mb
#536870912	pulse  cov: 62 ft: 62 corp: 21/126b lim: 4096 exec/s: 230416 rss: 565Mb
#1073741824	pulse  cov: 62 ft: 62 corp: 21/126b lim: 4096 exec/s: 229726 rss: 565Mb
#2147483648	pulse  cov: 62 ft: 62 corp: 21/126b lim: 4096 exec/s: 229236 rss: 565Mb
#4294967296	pulse  cov: 62 ft: 62 corp: 21/126b lim: 4096 exec/s: 228881 rss: 565Mb
#4945609054	DONE   cov: 62 ft: 62 corp: 21/126b lim: 4096 exec/s: 228952 rss: 565Mb
Done 4945609054 runs in 21601 second(s)
