    Updating crates.io index
     Locking 6 packages to latest Rust 1.99.0-nightly compatible versions
      Adding equivalent v1.0.2
      Adding hashbrown v0.17.1
      Adding indexmap v2.14.0
      Adding ryu v1.0.23
      Adding serde_yaml_ng v0.10.0
      Adding unsafe-libyaml v0.2.11
 Downloading crates ...
  Downloaded jobserver v0.1.35
  Downloaded arbitrary v1.4.2
  Downloaded libfuzzer-sys v0.4.13
   Compiling proc-macro2 v1.0.106
   Compiling unicode-ident v1.0.24
   Compiling quote v1.0.46
   Compiling libc v0.2.186
   Compiling find-msvc-tools v0.1.9
   Compiling shlex v2.0.1
   Compiling version_check v0.9.5
   Compiling serde_core v1.0.228
   Compiling typenum v1.20.1
   Compiling utf8parse v0.2.2
   Compiling zmij v1.0.23
   Compiling serde v1.0.228
   Compiling generic-array v0.14.7
   Compiling anstyle-parse v1.0.0
   Compiling is_terminal_polyfill v1.70.2
   Compiling colorchoice v1.0.5
   Compiling anstyle-query v1.1.5
   Compiling anstyle v1.0.14
   Compiling thiserror v2.0.18
   Compiling anstream v1.0.0
   Compiling hashbrown v0.17.1
   Compiling tinyvec_macros v0.1.1
   Compiling equivalent v1.0.2
   Compiling serde_json v1.0.150
   Compiling itoa v1.0.18
   Compiling heck v0.5.0
   Compiling strsim v0.11.1
   Compiling clap_lex v1.1.0
   Compiling cfg-if v1.0.4
   Compiling clap_builder v4.6.2
   Compiling indexmap v2.14.0
   Compiling tinyvec v1.12.0
   Compiling syn v2.0.119
   Compiling arrayvec v0.7.8
   Compiling arrayref v0.3.9
   Compiling unsafe-libyaml v0.2.11
   Compiling cpufeatures v0.2.17
   Compiling ryu v1.0.23
   Compiling memchr v2.8.3
   Compiling jobserver v0.1.35
   Compiling cc v1.2.67
   Compiling crypto-common v0.1.7
   Compiling block-buffer v0.10.4
   Compiling adler2 v2.0.1
   Compiling digest v0.10.7
   Compiling constant_time_eq v0.4.2
   Compiling same-file v1.0.6
   Compiling sha2 v0.10.9
   Compiling walkdir v2.5.0
   Compiling miniz_oxide v0.8.9
   Compiling unicode-normalization v0.1.25
   Compiling blake3 v1.8.5
   Compiling serde_derive v1.0.228
   Compiling thiserror-impl v2.0.18
   Compiling clap_derive v4.6.1
   Compiling libfuzzer-sys v0.4.13
   Compiling hex v0.4.3
   Compiling arbitrary v1.4.2
   Compiling clap v4.6.2
   Compiling serde_yaml_ng v0.10.0
   Compiling annpack v0.3.0 (/Users/anika/annpackv2)
   Compiling annpack-fuzz v0.0.0 (/Users/anika/annpackv2/fuzz)
    Finished `release` profile [optimized + debuginfo] target(s) in 27.87s
    Finished `release` profile [optimized + debuginfo] target(s) in 0.02s
     Running `fuzz/target/aarch64-apple-darwin/release/open_pack -artifact_prefix=/Users/anika/annpackv2/fuzz/artifacts/open_pack/ -max_total_time=21600 -artifact_prefix=launch/evidence/2026-07-20/workstream2-fuzz/open_pack_crash_ fuzz/corpus/open_pack /Users/anika/annpackv2/fuzz/corpus/open_pack`
INFO: Running with entropic power schedule (0xFF, 100).
INFO: Seed: 95725418
INFO: Loaded 1 modules   (80110 inline 8-bit counters): 80110 [0x1034c86c0, 0x1034dbfae), 
INFO: Loaded 1 PC tables (80110 PCs): 80110 [0x1034dbfb0,0x103614e90), 
INFO:       60 files found in fuzz/corpus/open_pack
INFO:       60 files found in /Users/anika/annpackv2/fuzz/corpus/open_pack
INFO: -max_len is not provided; libFuzzer will not generate inputs larger than 4096 bytes
INFO: seed corpus: files: 120 min: 1b max: 129b total: 15108b rss: 38Mb
#121	INITED cov: 185 ft: 185 corp: 57/7170b exec/s: 0 rss: 40Mb
#524288	pulse  cov: 185 ft: 185 corp: 57/7170b lim: 4096 exec/s: 262144 rss: 458Mb
#1048576	pulse  cov: 185 ft: 185 corp: 57/7170b lim: 4096 exec/s: 209715 rss: 460Mb
#1706453	REDUCE cov: 185 ft: 185 corp: 57/7169b lim: 4096 exec/s: 189605 rss: 461Mb L: 128/128 MS: 2 InsertRepeatedBytes-EraseBytes-
#2097152	pulse  cov: 185 ft: 185 corp: 57/7169b lim: 4096 exec/s: 190650 rss: 462Mb
#4194304	pulse  cov: 185 ft: 185 corp: 57/7169b lim: 4096 exec/s: 190650 rss: 463Mb
#8388608	pulse  cov: 185 ft: 185 corp: 57/7169b lim: 4096 exec/s: 186413 rss: 463Mb
#16777216	pulse  cov: 185 ft: 185 corp: 57/7169b lim: 4096 exec/s: 186413 rss: 464Mb
#33554432	pulse  cov: 185 ft: 185 corp: 57/7169b lim: 4096 exec/s: 186413 rss: 465Mb
#67108864	pulse  cov: 185 ft: 185 corp: 57/7169b lim: 4096 exec/s: 185383 rss: 465Mb
#134217728	pulse  cov: 185 ft: 185 corp: 57/7169b lim: 4096 exec/s: 184365 rss: 466Mb
#268435456	pulse  cov: 185 ft: 185 corp: 57/7169b lim: 4096 exec/s: 181990 rss: 466Mb
#536870912	pulse  cov: 185 ft: 185 corp: 57/7169b lim: 4096 exec/s: 177595 rss: 467Mb
#1073741824	pulse  cov: 185 ft: 185 corp: 57/7169b lim: 4096 exec/s: 173548 rss: 467Mb
#2147483648	pulse  cov: 185 ft: 185 corp: 57/7169b lim: 4096 exec/s: 170706 rss: 467Mb
#3651777702	DONE   cov: 185 ft: 185 corp: 57/7169b lim: 4096 exec/s: 169055 rss: 467Mb
Done 3651777702 runs in 21601 second(s)
