   Compiling annpack-fuzz v0.0.0 (/Users/anika/annpackv2/fuzz)
warning: unused doc comment
  --> fuzz_targets/open_pack_prefixed.rs:9:1
   |
 9 | / /// Variant of open_pack that prepends a valid ANNPACK3 magic + format-version
10 | | /// prefix so libfuzzer reaches directory and section parsing on every input
11 | | /// rather than spending most executions on magic-byte rejection.
12 | | ///
13 | | /// This is additive: run alongside open_pack, not instead of it.
   | |_----------------------------------------------------------------^
   |   |
   |   rustdoc does not generate documentation for macro invocations
   |
   = help: to document an item produced by a macro, the macro must produce the documentation as part of its expansion
   = note: `#[warn(unused_doc_comments)]` (part of `#[warn(unused)]`) on by default

warning: `annpack-fuzz` (bin "open_pack_prefixed") generated 1 warning
    Finished `release` profile [optimized + debuginfo] target(s) in 0.27s
warning: unused doc comment
  --> fuzz_targets/open_pack_prefixed.rs:9:1
   |
 9 | / /// Variant of open_pack that prepends a valid ANNPACK3 magic + format-version
10 | | /// prefix so libfuzzer reaches directory and section parsing on every input
11 | | /// rather than spending most executions on magic-byte rejection.
12 | | ///
13 | | /// This is additive: run alongside open_pack, not instead of it.
   | |_----------------------------------------------------------------^
   |   |
   |   rustdoc does not generate documentation for macro invocations
   |
   = help: to document an item produced by a macro, the macro must produce the documentation as part of its expansion
   = note: `#[warn(unused_doc_comments)]` (part of `#[warn(unused)]`) on by default

warning: `annpack-fuzz` (bin "open_pack_prefixed") generated 1 warning
    Finished `release` profile [optimized + debuginfo] target(s) in 0.02s
     Running `fuzz/target/aarch64-apple-darwin/release/open_pack_prefixed -artifact_prefix=/Users/anika/annpackv2/fuzz/artifacts/open_pack_prefixed/ -max_total_time=21600 -artifact_prefix=/Users/anika/annpackv2/launch/evidence/2026-07-20/workstream2-fuzz/open_pack_prefixed_crash_ /Users/anika/annpackv2/fuzz/corpus/open_pack_prefixed`
INFO: Running with entropic power schedule (0xFF, 100).
INFO: Seed: 2402793859
INFO: Loaded 1 modules   (80178 inline 8-bit counters): 80178 [0x1035a4850, 0x1035b8182), 
INFO: Loaded 1 PC tables (80178 PCs): 80178 [0x1035b8188,0x1036f14a8), 
INFO:        0 files found in /Users/anika/annpackv2/fuzz/corpus/open_pack_prefixed
INFO: -max_len is not provided; libFuzzer will not generate inputs larger than 4096 bytes
INFO: A corpus is not provided, starting from an empty corpus
#2	INITED cov: 44 ft: 44 corp: 1/1b exec/s: 0 rss: 38Mb
#17	NEW    cov: 46 ft: 46 corp: 2/5b lim: 4 exec/s: 0 rss: 39Mb L: 4/4 MS: 5 CrossOver-InsertByte-CopyPart-ShuffleBytes-InsertByte-
	NEW_FUNC[1/3]: 0x00010313e1e0 in _RINvXs_NvMNtCsiFJvyU1Cakv_5alloc5sliceSp9to_vec_inhNtB5_10ConvertVec6to_vecNtNtBa_5alloc6GlobalECs5kdeFrKHh7I_7annpack+0x0 (open_pack_prefixed:arm64+0x1001561e0)
	NEW_FUNC[2/3]: 0x0001031fe430 in _RNvNtCs5kdeFrKHh7I_7annpack6format13decode_header+0x0 (open_pack_prefixed:arm64+0x100216430)
#11558	NEW    cov: 68 ft: 68 corp: 3/121b lim: 116 exec/s: 0 rss: 44Mb L: 116/116 MS: 1 InsertRepeatedBytes-
#71353	NEW    cov: 70 ft: 70 corp: 4/244b lim: 706 exec/s: 0 rss: 78Mb L: 123/123 MS: 5 ChangeBinInt-ChangeByte-InsertByte-InsertRepeatedBytes-CMP- DE: "\200\000\000\000"-
#71820	NEW    cov: 73 ft: 73 corp: 5/367b lim: 706 exec/s: 0 rss: 78Mb L: 123/123 MS: 2 ChangeBinInt-PersAutoDict- DE: "\200\000\000\000"-
#71842	NEW    cov: 111 ft: 111 corp: 6/551b lim: 706 exec/s: 0 rss: 78Mb L: 184/184 MS: 2 ChangeByte-InsertRepeatedBytes-
#71960	NEW    cov: 112 ft: 112 corp: 7/682b lim: 706 exec/s: 0 rss: 78Mb L: 131/184 MS: 3 PersAutoDict-ChangeASCIIInt-PersAutoDict- DE: "\200\000\000\000"-"\200\000\000\000"-
#71991	NEW    cov: 130 ft: 130 corp: 8/987b lim: 706 exec/s: 0 rss: 78Mb L: 305/305 MS: 1 InsertRepeatedBytes-
#72016	NEW    cov: 131 ft: 131 corp: 9/1390b lim: 706 exec/s: 0 rss: 78Mb L: 403/403 MS: 5 ChangeBit-InsertByte-ChangeBinInt-ChangeByte-InsertRepeatedBytes-
#72027	NEW    cov: 132 ft: 132 corp: 10/1531b lim: 706 exec/s: 0 rss: 78Mb L: 141/403 MS: 1 EraseBytes-
#72028	NEW    cov: 133 ft: 133 corp: 11/1672b lim: 706 exec/s: 0 rss: 78Mb L: 141/403 MS: 1 PersAutoDict- DE: "\200\000\000\000"-
#72036	NEW    cov: 134 ft: 134 corp: 12/2196b lim: 706 exec/s: 0 rss: 78Mb L: 524/524 MS: 3 CrossOver-InsertByte-InsertByte-
#72047	REDUCE cov: 134 ft: 134 corp: 12/2162b lim: 706 exec/s: 0 rss: 78Mb L: 369/524 MS: 1 EraseBytes-
#72078	REDUCE cov: 134 ft: 134 corp: 12/2052b lim: 706 exec/s: 0 rss: 78Mb L: 414/414 MS: 1 EraseBytes-
#72079	NEW    cov: 135 ft: 135 corp: 13/2361b lim: 706 exec/s: 0 rss: 78Mb L: 309/414 MS: 1 PersAutoDict- DE: "\200\000\000\000"-
#72086	NEW    cov: 136 ft: 136 corp: 14/2549b lim: 706 exec/s: 0 rss: 78Mb L: 188/414 MS: 2 InsertByte-EraseBytes-
#72102	REDUCE cov: 136 ft: 136 corp: 14/2443b lim: 706 exec/s: 0 rss: 79Mb L: 199/414 MS: 1 EraseBytes-
#72117	NEW    cov: 137 ft: 137 corp: 15/2710b lim: 706 exec/s: 0 rss: 79Mb L: 267/414 MS: 5 CrossOver-ChangeByte-ChangeByte-ChangeByte-InsertRepeatedBytes-
#72136	REDUCE cov: 137 ft: 137 corp: 15/2706b lim: 706 exec/s: 0 rss: 79Mb L: 195/414 MS: 4 ShuffleBytes-ChangeByte-ChangeByte-EraseBytes-
#72142	NEW    cov: 138 ft: 138 corp: 16/2861b lim: 706 exec/s: 0 rss: 79Mb L: 155/414 MS: 1 CrossOver-
#72162	REDUCE cov: 139 ft: 139 corp: 17/3275b lim: 706 exec/s: 0 rss: 79Mb L: 414/414 MS: 5 ChangeBinInt-ChangeBit-ChangeBinInt-ChangeByte-CopyPart-
#72173	NEW    cov: 140 ft: 140 corp: 18/3467b lim: 706 exec/s: 0 rss: 79Mb L: 192/414 MS: 1 CMP- DE: "\377\377\377\377\377\377\377\377"-
#72185	REDUCE cov: 140 ft: 140 corp: 18/3309b lim: 706 exec/s: 0 rss: 79Mb L: 211/414 MS: 2 ShuffleBytes-EraseBytes-
#72188	NEW    cov: 141 ft: 141 corp: 19/3573b lim: 706 exec/s: 0 rss: 79Mb L: 264/414 MS: 3 ChangeBit-PersAutoDict-EraseBytes- DE: "\200\000\000\000"-
#72205	NEW    cov: 142 ft: 142 corp: 20/3850b lim: 706 exec/s: 0 rss: 79Mb L: 277/414 MS: 2 CMP-InsertRepeatedBytes- DE: "\025\012\202\202"-
#72207	REDUCE cov: 142 ft: 142 corp: 20/3831b lim: 706 exec/s: 0 rss: 79Mb L: 122/414 MS: 2 ChangeASCIIInt-EraseBytes-
#72242	NEW    cov: 143 ft: 143 corp: 21/3973b lim: 706 exec/s: 0 rss: 79Mb L: 142/414 MS: 5 ChangeBit-PersAutoDict-CrossOver-InsertByte-CMP- DE: "\200\000\000\000"-"\225\000\000\000\000\000\000\000"-
#72274	NEW    cov: 144 ft: 144 corp: 22/4166b lim: 706 exec/s: 0 rss: 79Mb L: 193/414 MS: 2 InsertByte-CopyPart-
#72278	NEW    cov: 145 ft: 145 corp: 23/4324b lim: 706 exec/s: 0 rss: 79Mb L: 158/414 MS: 4 ChangeBinInt-CMP-ChangeBinInt-InsertByte- DE: "\001\364"-
#72279	NEW    cov: 146 ft: 146 corp: 24/4483b lim: 706 exec/s: 0 rss: 79Mb L: 159/414 MS: 1 PersAutoDict- DE: "\025\012\202\202"-
#72280	NEW    cov: 147 ft: 147 corp: 25/4622b lim: 706 exec/s: 0 rss: 79Mb L: 139/414 MS: 1 EraseBytes-
#72292	NEW    cov: 148 ft: 148 corp: 26/4899b lim: 706 exec/s: 0 rss: 79Mb L: 277/414 MS: 2 ShuffleBytes-PersAutoDict- DE: "\025\012\202\202"-
#72299	NEW    cov: 149 ft: 149 corp: 27/5041b lim: 706 exec/s: 0 rss: 79Mb L: 142/414 MS: 2 ChangeBinInt-ChangeByte-
#72307	NEW    cov: 150 ft: 150 corp: 28/5160b lim: 706 exec/s: 0 rss: 79Mb L: 119/414 MS: 3 ChangeBinInt-EraseBytes-EraseBytes-
#72353	REDUCE cov: 150 ft: 150 corp: 28/5092b lim: 706 exec/s: 0 rss: 79Mb L: 125/414 MS: 1 EraseBytes-
#72362	NEW    cov: 151 ft: 151 corp: 29/5212b lim: 706 exec/s: 0 rss: 79Mb L: 120/414 MS: 4 ShuffleBytes-ChangeBinInt-ShuffleBytes-InsertByte-
#72374	NEW    cov: 152 ft: 152 corp: 30/5371b lim: 706 exec/s: 0 rss: 79Mb L: 159/414 MS: 2 ShuffleBytes-InsertByte-
#72405	REDUCE cov: 152 ft: 152 corp: 30/5370b lim: 706 exec/s: 0 rss: 79Mb L: 124/414 MS: 1 EraseBytes-
#72502	NEW    cov: 153 ft: 153 corp: 31/5529b lim: 706 exec/s: 0 rss: 79Mb L: 159/414 MS: 2 ShuffleBytes-ShuffleBytes-
#72524	REDUCE cov: 153 ft: 153 corp: 31/5430b lim: 706 exec/s: 0 rss: 79Mb L: 210/414 MS: 2 PersAutoDict-EraseBytes- DE: "\225\000\000\000\000\000\000\000"-
#72569	NEW    cov: 154 ft: 154 corp: 32/5547b lim: 706 exec/s: 0 rss: 79Mb L: 117/414 MS: 5 CMP-ChangeBinInt-ChangeBinInt-EraseBytes-PersAutoDict- DE: ")\012\202\202"-"\377\377\377\377\377\377\377\377"-
#72590	REDUCE cov: 155 ft: 155 corp: 33/5756b lim: 706 exec/s: 0 rss: 79Mb L: 209/414 MS: 1 CopyPart-
#72593	REDUCE cov: 155 ft: 155 corp: 33/5683b lim: 706 exec/s: 0 rss: 79Mb L: 204/414 MS: 3 CopyPart-ChangeBinInt-EraseBytes-
#72614	NEW    cov: 156 ft: 156 corp: 34/5831b lim: 706 exec/s: 0 rss: 79Mb L: 148/414 MS: 1 EraseBytes-
#72615	REDUCE cov: 156 ft: 156 corp: 34/5650b lim: 706 exec/s: 0 rss: 79Mb L: 233/414 MS: 1 EraseBytes-
#72617	REDUCE cov: 156 ft: 156 corp: 34/5620b lim: 706 exec/s: 0 rss: 79Mb L: 203/414 MS: 2 ChangeBinInt-EraseBytes-
#72620	REDUCE cov: 157 ft: 157 corp: 35/5897b lim: 706 exec/s: 0 rss: 79Mb L: 277/414 MS: 3 ChangeByte-ChangeBit-InsertRepeatedBytes-
#72644	REDUCE cov: 158 ft: 158 corp: 36/6183b lim: 706 exec/s: 0 rss: 79Mb L: 286/414 MS: 4 CopyPart-ShuffleBytes-CopyPart-InsertByte-
#72661	REDUCE cov: 159 ft: 159 corp: 37/6458b lim: 706 exec/s: 0 rss: 80Mb L: 275/414 MS: 2 InsertRepeatedBytes-InsertRepeatedBytes-
#72668	REDUCE cov: 160 ft: 160 corp: 38/6690b lim: 706 exec/s: 0 rss: 80Mb L: 232/414 MS: 2 ChangeByte-InsertRepeatedBytes-
#72674	REDUCE cov: 160 ft: 160 corp: 38/6619b lim: 706 exec/s: 0 rss: 80Mb L: 138/414 MS: 1 EraseBytes-
#72679	NEW    cov: 161 ft: 161 corp: 39/6756b lim: 706 exec/s: 0 rss: 80Mb L: 137/414 MS: 5 InsertByte-ChangeByte-ChangeByte-ShuffleBytes-EraseBytes-
#72685	NEW    cov: 162 ft: 162 corp: 40/6898b lim: 706 exec/s: 0 rss: 80Mb L: 142/414 MS: 1 InsertByte-
#72736	REDUCE cov: 162 ft: 162 corp: 40/6888b lim: 706 exec/s: 0 rss: 80Mb L: 131/414 MS: 1 EraseBytes-
#72756	NEW    cov: 163 ft: 163 corp: 41/7271b lim: 706 exec/s: 0 rss: 80Mb L: 383/414 MS: 5 ChangeByte-InsertRepeatedBytes-PersAutoDict-InsertRepeatedBytes-InsertByte- DE: "\225\000\000\000\000\000\000\000"-
#72768	NEW    cov: 164 ft: 164 corp: 42/7432b lim: 706 exec/s: 0 rss: 80Mb L: 161/414 MS: 2 ShuffleBytes-InsertRepeatedBytes-
#72769	REDUCE cov: 164 ft: 164 corp: 42/7429b lim: 706 exec/s: 0 rss: 80Mb L: 272/414 MS: 1 EraseBytes-
#72775	NEW    cov: 165 ft: 165 corp: 43/7687b lim: 706 exec/s: 0 rss: 80Mb L: 258/414 MS: 1 CopyPart-
#72788	REDUCE cov: 165 ft: 165 corp: 43/7682b lim: 706 exec/s: 0 rss: 80Mb L: 153/414 MS: 3 ChangeBinInt-ChangeBinInt-EraseBytes-
#72954	REDUCE cov: 165 ft: 165 corp: 43/7630b lim: 706 exec/s: 0 rss: 80Mb L: 225/414 MS: 1 EraseBytes-
#73031	REDUCE cov: 165 ft: 165 corp: 43/7610b lim: 706 exec/s: 0 rss: 80Mb L: 139/414 MS: 2 ChangeBit-EraseBytes-
#73060	REDUCE cov: 165 ft: 165 corp: 43/7557b lim: 706 exec/s: 0 rss: 80Mb L: 211/414 MS: 4 ChangeBit-InsertByte-InsertRepeatedBytes-EraseBytes-
#73089	NEW    cov: 166 ft: 166 corp: 44/7896b lim: 706 exec/s: 0 rss: 80Mb L: 339/414 MS: 4 PersAutoDict-InsertRepeatedBytes-CrossOver-InsertByte- DE: "\225\000\000\000\000\000\000\000"-
#73100	REDUCE cov: 166 ft: 166 corp: 44/7862b lim: 706 exec/s: 0 rss: 80Mb L: 125/414 MS: 1 EraseBytes-
#73101	REDUCE cov: 167 ft: 167 corp: 45/7984b lim: 706 exec/s: 0 rss: 80Mb L: 122/414 MS: 1 PersAutoDict- DE: ")\012\202\202"-
#73127	REDUCE cov: 167 ft: 167 corp: 45/7956b lim: 706 exec/s: 0 rss: 80Mb L: 176/414 MS: 1 EraseBytes-
#73163	REDUCE cov: 167 ft: 167 corp: 45/7901b lim: 706 exec/s: 0 rss: 80Mb L: 177/414 MS: 1 EraseBytes-
#73181	REDUCE cov: 167 ft: 167 corp: 45/7712b lim: 706 exec/s: 0 rss: 80Mb L: 225/383 MS: 3 ChangeBit-ChangeBinInt-EraseBytes-
#73187	NEW    cov: 168 ft: 168 corp: 46/7936b lim: 706 exec/s: 0 rss: 80Mb L: 224/383 MS: 1 CrossOver-
#73230	REDUCE cov: 169 ft: 169 corp: 47/8148b lim: 706 exec/s: 0 rss: 80Mb L: 212/383 MS: 3 ChangeASCIIInt-InsertByte-InsertByte-
#73242	REDUCE cov: 169 ft: 169 corp: 47/8084b lim: 706 exec/s: 0 rss: 80Mb L: 319/339 MS: 2 InsertByte-EraseBytes-
#73255	REDUCE cov: 169 ft: 169 corp: 47/8041b lim: 706 exec/s: 0 rss: 80Mb L: 116/339 MS: 3 ChangeBinInt-InsertByte-CrossOver-
#73264	REDUCE cov: 169 ft: 169 corp: 47/7972b lim: 706 exec/s: 0 rss: 81Mb L: 156/339 MS: 4 ChangeASCIIInt-CMP-CrossOver-EraseBytes- DE: "\377\377\377\377\377\377\377s"-
#73509	REDUCE cov: 169 ft: 169 corp: 47/7968b lim: 706 exec/s: 0 rss: 81Mb L: 221/339 MS: 5 PersAutoDict-CrossOver-PersAutoDict-ChangeBinInt-EraseBytes- DE: "\001\364"-"\377\377\377\377\377\377\377\377"-
#73714	REDUCE cov: 169 ft: 169 corp: 47/7946b lim: 706 exec/s: 0 rss: 81Mb L: 202/339 MS: 5 ChangeASCIIInt-ChangeBit-ChangeByte-InsertRepeatedBytes-EraseBytes-
#73725	REDUCE cov: 169 ft: 169 corp: 47/7939b lim: 706 exec/s: 0 rss: 81Mb L: 260/339 MS: 1 EraseBytes-
#73793	REDUCE cov: 170 ft: 170 corp: 48/8152b lim: 706 exec/s: 0 rss: 81Mb L: 213/339 MS: 3 CMP-InsertByte-InsertByte- DE: "j\000\000\000\000\000\000\000"-
	NEW_FUNC[1/1]: 0x000103221720 in _RNvNtCsiFJvyU1Cakv_5alloc3fmt6format+0x0 (open_pack_prefixed:arm64+0x100239720)
#73833	NEW    cov: 174 ft: 174 corp: 49/8414b lim: 706 exec/s: 0 rss: 81Mb L: 262/339 MS: 5 InsertByte-InsertRepeatedBytes-ChangeASCIIInt-CMP-ChangeBit- DE: "\200\000\000\000\000\000\000\000"-
#73849	NEW    cov: 175 ft: 175 corp: 50/8603b lim: 706 exec/s: 0 rss: 81Mb L: 189/339 MS: 1 InsertByte-
#73904	REDUCE cov: 175 ft: 175 corp: 50/8600b lim: 706 exec/s: 0 rss: 81Mb L: 209/339 MS: 5 ChangeByte-ChangeASCIIInt-ChangeBinInt-ChangeBit-EraseBytes-
#73936	REDUCE cov: 175 ft: 175 corp: 50/8571b lim: 706 exec/s: 0 rss: 81Mb L: 231/339 MS: 2 InsertByte-EraseBytes-
#73943	REDUCE cov: 175 ft: 175 corp: 50/8568b lim: 706 exec/s: 0 rss: 81Mb L: 336/336 MS: 2 ChangeByte-EraseBytes-
#73953	REDUCE cov: 176 ft: 176 corp: 51/8771b lim: 706 exec/s: 0 rss: 82Mb L: 203/336 MS: 5 CrossOver-ChangeByte-ChangeBit-ChangeBinInt-InsertByte-
#74075	REDUCE cov: 176 ft: 176 corp: 51/8749b lim: 706 exec/s: 0 rss: 82Mb L: 314/319 MS: 2 ChangeByte-EraseBytes-
#74079	NEW    cov: 177 ft: 177 corp: 52/9047b lim: 706 exec/s: 0 rss: 82Mb L: 298/319 MS: 4 PersAutoDict-CrossOver-InsertRepeatedBytes-InsertRepeatedBytes- DE: "\200\000\000\000\000\000\000\000"-
#74215	REDUCE cov: 177 ft: 177 corp: 52/9024b lim: 706 exec/s: 0 rss: 82Mb L: 198/319 MS: 1 EraseBytes-
#74254	REDUCE cov: 177 ft: 177 corp: 52/8977b lim: 706 exec/s: 0 rss: 82Mb L: 267/319 MS: 4 InsertByte-ChangeASCIIInt-ChangeBinInt-EraseBytes-
#74260	REDUCE cov: 177 ft: 177 corp: 52/8964b lim: 706 exec/s: 0 rss: 82Mb L: 142/319 MS: 1 EraseBytes-
#74263	REDUCE cov: 177 ft: 177 corp: 52/8962b lim: 706 exec/s: 0 rss: 82Mb L: 182/319 MS: 3 ShuffleBytes-ChangeBinInt-EraseBytes-
#74398	REDUCE cov: 177 ft: 177 corp: 52/8955b lim: 706 exec/s: 0 rss: 82Mb L: 149/319 MS: 5 ChangeASCIIInt-CopyPart-ChangeBit-CMP-EraseBytes- DE: "\311\000\000\000\000\000\000\000"-
#74414	REDUCE cov: 177 ft: 177 corp: 52/8938b lim: 706 exec/s: 0 rss: 82Mb L: 125/319 MS: 1 EraseBytes-
#74450	REDUCE cov: 178 ft: 178 corp: 53/9211b lim: 706 exec/s: 0 rss: 82Mb L: 273/319 MS: 1 CrossOver-
#74537	REDUCE cov: 178 ft: 178 corp: 53/9137b lim: 706 exec/s: 0 rss: 82Mb L: 188/319 MS: 2 ChangeASCIIInt-EraseBytes-
#74590	REDUCE cov: 178 ft: 178 corp: 53/9111b lim: 706 exec/s: 0 rss: 82Mb L: 247/319 MS: 3 PersAutoDict-ChangeByte-EraseBytes- DE: "\200\000\000\000"-
#74694	NEW    cov: 179 ft: 179 corp: 54/9249b lim: 706 exec/s: 0 rss: 82Mb L: 138/319 MS: 4 ChangeASCIIInt-CMP-ChangeByte-InsertByte- DE: "\000\000\000\200"-
#74701	REDUCE cov: 179 ft: 179 corp: 54/9235b lim: 706 exec/s: 0 rss: 82Mb L: 168/319 MS: 2 ChangeBinInt-EraseBytes-
#74986	REDUCE cov: 179 ft: 179 corp: 54/9234b lim: 706 exec/s: 0 rss: 83Mb L: 208/319 MS: 5 PersAutoDict-ChangeByte-ChangeBit-CrossOver-EraseBytes- DE: "\377\377\377\377\377\377\377s"-
#74989	REDUCE cov: 179 ft: 179 corp: 54/9205b lim: 706 exec/s: 0 rss: 83Mb L: 159/319 MS: 3 ShuffleBytes-CrossOver-EraseBytes-
#75070	REDUCE cov: 179 ft: 179 corp: 54/9197b lim: 706 exec/s: 0 rss: 83Mb L: 145/319 MS: 1 EraseBytes-
#75115	REDUCE cov: 179 ft: 179 corp: 54/9177b lim: 706 exec/s: 0 rss: 83Mb L: 157/319 MS: 5 InsertRepeatedBytes-ChangeBit-CMP-ChangeBit-EraseBytes- DE: "\364\000\000\000\000\000\000\000"-
#75436	REDUCE cov: 179 ft: 179 corp: 54/9138b lim: 706 exec/s: 0 rss: 83Mb L: 163/319 MS: 1 EraseBytes-
#75438	REDUCE cov: 179 ft: 179 corp: 54/9131b lim: 706 exec/s: 0 rss: 83Mb L: 116/319 MS: 2 InsertByte-EraseBytes-
#75487	REDUCE cov: 179 ft: 179 corp: 54/9050b lim: 706 exec/s: 0 rss: 83Mb L: 117/319 MS: 4 ChangeByte-CMP-ChangeByte-EraseBytes- DE: "1\001\000\000\000\000\000\000"-
#75534	REDUCE cov: 179 ft: 179 corp: 54/9010b lim: 706 exec/s: 0 rss: 84Mb L: 168/319 MS: 2 ChangeByte-EraseBytes-
#75642	REDUCE cov: 179 ft: 179 corp: 54/8947b lim: 706 exec/s: 0 rss: 84Mb L: 256/298 MS: 3 InsertRepeatedBytes-ChangeBinInt-EraseBytes-
#75733	REDUCE cov: 179 ft: 179 corp: 54/8909b lim: 706 exec/s: 0 rss: 84Mb L: 239/298 MS: 1 EraseBytes-
#75749	REDUCE cov: 179 ft: 179 corp: 54/8896b lim: 706 exec/s: 0 rss: 84Mb L: 190/298 MS: 1 CrossOver-
#75776	REDUCE cov: 179 ft: 179 corp: 54/8884b lim: 706 exec/s: 0 rss: 84Mb L: 219/298 MS: 2 InsertRepeatedBytes-CrossOver-
#76248	REDUCE cov: 179 ft: 179 corp: 54/8792b lim: 706 exec/s: 0 rss: 84Mb L: 206/286 MS: 2 ChangeBit-EraseBytes-
#76535	REDUCE cov: 179 ft: 179 corp: 54/8715b lim: 706 exec/s: 0 rss: 85Mb L: 134/286 MS: 2 ShuffleBytes-EraseBytes-
#76651	REDUCE cov: 179 ft: 179 corp: 54/8631b lim: 706 exec/s: 0 rss: 85Mb L: 135/286 MS: 1 EraseBytes-
#76727	REDUCE cov: 179 ft: 179 corp: 54/8619b lim: 706 exec/s: 0 rss: 85Mb L: 227/286 MS: 1 EraseBytes-
#77020	REDUCE cov: 179 ft: 179 corp: 54/8535b lim: 706 exec/s: 0 rss: 85Mb L: 188/286 MS: 3 ChangeBinInt-ShuffleBytes-EraseBytes-
#77162	REDUCE cov: 179 ft: 179 corp: 54/8522b lim: 706 exec/s: 0 rss: 86Mb L: 200/286 MS: 2 ChangeBinInt-EraseBytes-
#77259	REDUCE cov: 179 ft: 179 corp: 54/8449b lim: 706 exec/s: 0 rss: 86Mb L: 183/286 MS: 2 PersAutoDict-EraseBytes- DE: "\025\012\202\202"-
#77281	REDUCE cov: 179 ft: 179 corp: 54/8393b lim: 706 exec/s: 0 rss: 86Mb L: 154/286 MS: 2 PersAutoDict-EraseBytes- DE: ")\012\202\202"-
#77608	REDUCE cov: 179 ft: 179 corp: 54/8345b lim: 706 exec/s: 0 rss: 86Mb L: 210/286 MS: 2 ChangeBit-EraseBytes-
#77725	REDUCE cov: 179 ft: 179 corp: 54/8331b lim: 706 exec/s: 0 rss: 86Mb L: 175/286 MS: 2 ChangeBinInt-EraseBytes-
#77792	REDUCE cov: 179 ft: 179 corp: 54/8298b lim: 706 exec/s: 0 rss: 86Mb L: 234/286 MS: 2 ShuffleBytes-EraseBytes-
#77984	REDUCE cov: 179 ft: 179 corp: 54/8278b lim: 706 exec/s: 0 rss: 87Mb L: 119/286 MS: 2 ChangeASCIIInt-EraseBytes-
#78040	REDUCE cov: 179 ft: 179 corp: 54/8234b lim: 706 exec/s: 0 rss: 87Mb L: 148/286 MS: 1 EraseBytes-
#78081	REDUCE cov: 179 ft: 179 corp: 54/8150b lim: 706 exec/s: 0 rss: 87Mb L: 119/286 MS: 1 EraseBytes-
#78085	REDUCE cov: 179 ft: 179 corp: 54/8136b lim: 706 exec/s: 0 rss: 87Mb L: 134/286 MS: 4 CrossOver-PersAutoDict-PersAutoDict-EraseBytes- DE: "j\000\000\000\000\000\000\000"-"\377\377\377\377\377\377\377s"-
#78205	REDUCE cov: 179 ft: 179 corp: 54/8087b lim: 706 exec/s: 0 rss: 87Mb L: 178/286 MS: 5 ShuffleBytes-ChangeByte-InsertByte-ChangeByte-EraseBytes-
#78437	REDUCE cov: 179 ft: 179 corp: 54/8083b lim: 706 exec/s: 0 rss: 87Mb L: 141/286 MS: 2 ChangeBinInt-EraseBytes-
#78470	REDUCE cov: 179 ft: 179 corp: 54/8082b lim: 706 exec/s: 0 rss: 87Mb L: 118/286 MS: 3 ChangeBinInt-PersAutoDict-EraseBytes- DE: "\200\000\000\000\000\000\000\000"-
#78476	REDUCE cov: 179 ft: 179 corp: 54/8056b lim: 706 exec/s: 0 rss: 87Mb L: 123/286 MS: 1 EraseBytes-
#78482	REDUCE cov: 179 ft: 179 corp: 54/7986b lim: 706 exec/s: 0 rss: 87Mb L: 140/286 MS: 1 EraseBytes-
#78515	REDUCE cov: 179 ft: 179 corp: 54/7934b lim: 706 exec/s: 0 rss: 87Mb L: 143/286 MS: 3 ChangeASCIIInt-ChangeASCIIInt-CrossOver-
#78526	REDUCE cov: 179 ft: 179 corp: 54/7881b lim: 706 exec/s: 0 rss: 87Mb L: 158/286 MS: 1 EraseBytes-
#79016	REDUCE cov: 179 ft: 179 corp: 54/7796b lim: 706 exec/s: 0 rss: 88Mb L: 201/247 MS: 5 ChangeASCIIInt-ChangeBinInt-PersAutoDict-InsertByte-EraseBytes- DE: "\311\000\000\000\000\000\000\000"-
#79187	REDUCE cov: 179 ft: 179 corp: 54/7774b lim: 706 exec/s: 0 rss: 88Mb L: 120/247 MS: 1 EraseBytes-
#79419	REDUCE cov: 179 ft: 179 corp: 54/7766b lim: 706 exec/s: 0 rss: 88Mb L: 123/247 MS: 2 ChangeASCIIInt-EraseBytes-
#79541	REDUCE cov: 179 ft: 179 corp: 54/7729b lim: 706 exec/s: 0 rss: 88Mb L: 117/247 MS: 2 ChangeASCIIInt-EraseBytes-
#80488	REDUCE cov: 179 ft: 179 corp: 54/7705b lim: 715 exec/s: 0 rss: 89Mb L: 210/247 MS: 2 ChangeBit-EraseBytes-
#80572	REDUCE cov: 179 ft: 179 corp: 54/7704b lim: 715 exec/s: 0 rss: 89Mb L: 139/247 MS: 4 CrossOver-ChangeByte-ChangeBinInt-EraseBytes-
#80787	REDUCE cov: 179 ft: 179 corp: 54/7692b lim: 715 exec/s: 0 rss: 90Mb L: 189/247 MS: 5 ChangeByte-PersAutoDict-InsertByte-ChangeBit-EraseBytes- DE: "\377\377\377\377\377\377\377s"-
#81549	REDUCE cov: 179 ft: 179 corp: 54/7656b lim: 715 exec/s: 0 rss: 90Mb L: 152/247 MS: 2 PersAutoDict-EraseBytes- DE: "\225\000\000\000\000\000\000\000"-
#81668	REDUCE cov: 179 ft: 179 corp: 54/7646b lim: 715 exec/s: 0 rss: 91Mb L: 132/247 MS: 4 ChangeByte-ChangeASCIIInt-ShuffleBytes-EraseBytes-
#81733	REDUCE cov: 179 ft: 179 corp: 54/7614b lim: 715 exec/s: 0 rss: 91Mb L: 126/247 MS: 5 PersAutoDict-ChangeBinInt-ChangeBit-ChangeByte-EraseBytes- DE: ")\012\202\202"-
#81821	REDUCE cov: 179 ft: 179 corp: 54/7584b lim: 715 exec/s: 0 rss: 91Mb L: 131/247 MS: 3 ChangeByte-ChangeBinInt-EraseBytes-
#82322	REDUCE cov: 179 ft: 179 corp: 54/7574b lim: 715 exec/s: 0 rss: 91Mb L: 179/247 MS: 1 EraseBytes-
#82408	REDUCE cov: 179 ft: 179 corp: 54/7552b lim: 715 exec/s: 0 rss: 91Mb L: 184/247 MS: 1 EraseBytes-
#82528	REDUCE cov: 179 ft: 179 corp: 54/7536b lim: 715 exec/s: 0 rss: 92Mb L: 141/247 MS: 5 ShuffleBytes-CMP-ChangeByte-EraseBytes-InsertRepeatedBytes- DE: "\001\000\000\000\000\000\000|"-
#82659	REDUCE cov: 179 ft: 179 corp: 54/7502b lim: 715 exec/s: 0 rss: 92Mb L: 118/247 MS: 1 EraseBytes-
#82825	REDUCE cov: 179 ft: 179 corp: 54/7477b lim: 715 exec/s: 0 rss: 92Mb L: 116/247 MS: 1 EraseBytes-
#82907	REDUCE cov: 179 ft: 179 corp: 54/7476b lim: 715 exec/s: 0 rss: 92Mb L: 118/247 MS: 2 ChangeASCIIInt-EraseBytes-
#83123	REDUCE cov: 179 ft: 179 corp: 54/7460b lim: 715 exec/s: 0 rss: 92Mb L: 118/247 MS: 1 EraseBytes-
#83274	REDUCE cov: 179 ft: 179 corp: 54/7452b lim: 715 exec/s: 0 rss: 93Mb L: 155/247 MS: 1 EraseBytes-
#83631	REDUCE cov: 179 ft: 179 corp: 54/7431b lim: 715 exec/s: 0 rss: 93Mb L: 169/247 MS: 2 ChangeBinInt-EraseBytes-
#83958	REDUCE cov: 179 ft: 179 corp: 54/7430b lim: 715 exec/s: 0 rss: 93Mb L: 117/247 MS: 2 ChangeByte-EraseBytes-
#84325	REDUCE cov: 179 ft: 179 corp: 54/7405b lim: 715 exec/s: 0 rss: 94Mb L: 116/247 MS: 2 PersAutoDict-EraseBytes- DE: "\001\000\000\000\000\000\000|"-
#84366	REDUCE cov: 179 ft: 179 corp: 54/7386b lim: 715 exec/s: 0 rss: 94Mb L: 136/247 MS: 1 EraseBytes-
#84500	REDUCE cov: 179 ft: 179 corp: 54/7314b lim: 715 exec/s: 0 rss: 94Mb L: 175/210 MS: 4 InsertRepeatedBytes-EraseBytes-ShuffleBytes-EraseBytes-
#85107	REDUCE cov: 179 ft: 179 corp: 54/7311b lim: 715 exec/s: 0 rss: 94Mb L: 120/210 MS: 2 ChangeByte-CrossOver-
#85123	REDUCE cov: 179 ft: 179 corp: 54/7300b lim: 715 exec/s: 0 rss: 94Mb L: 167/210 MS: 1 EraseBytes-
#85197	REDUCE cov: 179 ft: 179 corp: 54/7299b lim: 715 exec/s: 0 rss: 95Mb L: 130/210 MS: 4 CrossOver-ChangeBit-ChangeBinInt-EraseBytes-
#85550	REDUCE cov: 179 ft: 179 corp: 54/7227b lim: 715 exec/s: 0 rss: 95Mb L: 116/210 MS: 3 InsertRepeatedBytes-ShuffleBytes-EraseBytes-
#85941	REDUCE cov: 179 ft: 179 corp: 54/7199b lim: 715 exec/s: 0 rss: 95Mb L: 182/200 MS: 1 EraseBytes-
#86207	REDUCE cov: 179 ft: 179 corp: 54/7198b lim: 715 exec/s: 0 rss: 96Mb L: 175/200 MS: 1 EraseBytes-
#86343	REDUCE cov: 179 ft: 179 corp: 54/7193b lim: 715 exec/s: 0 rss: 96Mb L: 132/200 MS: 1 EraseBytes-
#86754	REDUCE cov: 179 ft: 179 corp: 54/7176b lim: 715 exec/s: 0 rss: 96Mb L: 158/200 MS: 1 EraseBytes-
#86885	REDUCE cov: 179 ft: 179 corp: 54/7153b lim: 715 exec/s: 0 rss: 96Mb L: 160/200 MS: 1 EraseBytes-
#87086	REDUCE cov: 179 ft: 179 corp: 54/7148b lim: 715 exec/s: 0 rss: 97Mb L: 153/200 MS: 1 EraseBytes-
#87311	REDUCE cov: 179 ft: 179 corp: 54/7145b lim: 715 exec/s: 0 rss: 97Mb L: 139/200 MS: 5 InsertByte-InsertByte-ShuffleBytes-PersAutoDict-EraseBytes- DE: "\377\377\377\377\377\377\377s"-
#87652	REDUCE cov: 179 ft: 179 corp: 54/7124b lim: 715 exec/s: 0 rss: 97Mb L: 132/200 MS: 1 EraseBytes-
#87783	REDUCE cov: 179 ft: 179 corp: 54/7076b lim: 715 exec/s: 0 rss: 97Mb L: 120/200 MS: 1 EraseBytes-
#87859	REDUCE cov: 179 ft: 179 corp: 54/7073b lim: 715 exec/s: 0 rss: 97Mb L: 164/200 MS: 1 EraseBytes-
#88490	REDUCE cov: 179 ft: 179 corp: 54/7026b lim: 715 exec/s: 0 rss: 98Mb L: 153/184 MS: 1 EraseBytes-
#88878	REDUCE cov: 179 ft: 179 corp: 54/7022b lim: 715 exec/s: 0 rss: 99Mb L: 126/184 MS: 3 ChangeByte-CopyPart-EraseBytes-
#88888	REDUCE cov: 179 ft: 179 corp: 54/7016b lim: 715 exec/s: 0 rss: 99Mb L: 126/184 MS: 5 PersAutoDict-InsertByte-InsertByte-CopyPart-EraseBytes- DE: "j\000\000\000\000\000\000\000"-
#89472	REDUCE cov: 179 ft: 179 corp: 54/7013b lim: 715 exec/s: 0 rss: 99Mb L: 123/184 MS: 4 ShuffleBytes-ShuffleBytes-EraseBytes-InsertRepeatedBytes-
#89638	REDUCE cov: 179 ft: 179 corp: 54/6999b lim: 715 exec/s: 0 rss: 99Mb L: 125/184 MS: 1 EraseBytes-
#90039	REDUCE cov: 179 ft: 179 corp: 54/6976b lim: 715 exec/s: 0 rss: 100Mb L: 159/184 MS: 1 EraseBytes-
#90236	REDUCE cov: 179 ft: 179 corp: 54/6962b lim: 715 exec/s: 0 rss: 100Mb L: 161/184 MS: 2 ChangeBinInt-EraseBytes-
#90382	REDUCE cov: 179 ft: 179 corp: 54/6952b lim: 715 exec/s: 0 rss: 100Mb L: 174/179 MS: 1 EraseBytes-
#90419	REDUCE cov: 179 ft: 179 corp: 54/6951b lim: 715 exec/s: 0 rss: 100Mb L: 160/179 MS: 2 PersAutoDict-EraseBytes- DE: ")\012\202\202"-
#90450	REDUCE cov: 179 ft: 179 corp: 54/6950b lim: 715 exec/s: 0 rss: 100Mb L: 122/179 MS: 1 EraseBytes-
#90786	REDUCE cov: 179 ft: 179 corp: 54/6931b lim: 715 exec/s: 0 rss: 100Mb L: 145/179 MS: 1 EraseBytes-
#91032	REDUCE cov: 179 ft: 179 corp: 54/6910b lim: 715 exec/s: 0 rss: 101Mb L: 117/179 MS: 1 EraseBytes-
#91398	REDUCE cov: 179 ft: 179 corp: 54/6905b lim: 715 exec/s: 0 rss: 101Mb L: 117/179 MS: 1 EraseBytes-
#91480	REDUCE cov: 179 ft: 179 corp: 54/6886b lim: 715 exec/s: 0 rss: 101Mb L: 124/179 MS: 2 CMP-EraseBytes- DE: "\037\000\000\000\000\000\000\000"-
#91576	REDUCE cov: 179 ft: 179 corp: 54/6883b lim: 715 exec/s: 0 rss: 101Mb L: 121/179 MS: 1 EraseBytes-
#91954	REDUCE cov: 179 ft: 179 corp: 54/6878b lim: 715 exec/s: 0 rss: 102Mb L: 129/179 MS: 3 ChangeBinInt-InsertByte-EraseBytes-
#92136	REDUCE cov: 179 ft: 179 corp: 54/6835b lim: 715 exec/s: 0 rss: 102Mb L: 117/179 MS: 2 ChangeBinInt-EraseBytes-
#92663	REDUCE cov: 179 ft: 179 corp: 54/6823b lim: 715 exec/s: 0 rss: 102Mb L: 133/179 MS: 2 ChangeByte-EraseBytes-
#93379	REDUCE cov: 179 ft: 179 corp: 54/6818b lim: 715 exec/s: 0 rss: 103Mb L: 143/179 MS: 1 EraseBytes-
#93392	REDUCE cov: 179 ft: 179 corp: 54/6808b lim: 715 exec/s: 0 rss: 103Mb L: 123/179 MS: 3 ChangeASCIIInt-CopyPart-EraseBytes-
#93600	REDUCE cov: 179 ft: 179 corp: 54/6798b lim: 715 exec/s: 0 rss: 103Mb L: 149/179 MS: 3 ChangeASCIIInt-PersAutoDict-EraseBytes- DE: "\000\000\000\200"-
#94449	REDUCE cov: 179 ft: 179 corp: 54/6795b lim: 715 exec/s: 0 rss: 104Mb L: 136/179 MS: 4 ChangeByte-CMP-ShuffleBytes-EraseBytes- DE: "\206\000\000\000"-
#95330	REDUCE cov: 179 ft: 179 corp: 54/6794b lim: 715 exec/s: 0 rss: 105Mb L: 120/179 MS: 1 EraseBytes-
#95721	REDUCE cov: 179 ft: 179 corp: 54/6793b lim: 715 exec/s: 0 rss: 105Mb L: 142/179 MS: 1 EraseBytes-
#96868	REDUCE cov: 179 ft: 179 corp: 54/6791b lim: 724 exec/s: 0 rss: 107Mb L: 140/179 MS: 2 ChangeASCIIInt-EraseBytes-
#97875	REDUCE cov: 179 ft: 179 corp: 54/6761b lim: 733 exec/s: 0 rss: 108Mb L: 149/175 MS: 2 CrossOver-EraseBytes-
#98346	REDUCE cov: 179 ft: 179 corp: 54/6758b lim: 733 exec/s: 0 rss: 108Mb L: 120/175 MS: 1 EraseBytes-
#98777	REDUCE cov: 179 ft: 179 corp: 54/6751b lim: 733 exec/s: 0 rss: 108Mb L: 133/175 MS: 1 EraseBytes-
#99329	REDUCE cov: 179 ft: 179 corp: 54/6747b lim: 733 exec/s: 99329 rss: 110Mb L: 116/175 MS: 2 ChangeByte-EraseBytes-
#99997	REDUCE cov: 179 ft: 179 corp: 54/6740b lim: 733 exec/s: 99997 rss: 110Mb L: 168/174 MS: 3 ChangeBinInt-ShuffleBytes-EraseBytes-
#100083	REDUCE cov: 179 ft: 179 corp: 54/6734b lim: 733 exec/s: 100083 rss: 111Mb L: 119/174 MS: 1 EraseBytes-
#101024	REDUCE cov: 179 ft: 179 corp: 54/6725b lim: 742 exec/s: 101024 rss: 112Mb L: 122/174 MS: 1 EraseBytes-
#101195	REDUCE cov: 179 ft: 179 corp: 54/6692b lim: 742 exec/s: 101195 rss: 112Mb L: 136/174 MS: 1 EraseBytes-
#103617	REDUCE cov: 179 ft: 179 corp: 54/6691b lim: 760 exec/s: 103617 rss: 114Mb L: 134/174 MS: 2 ChangeBinInt-EraseBytes-
#104263	REDUCE cov: 179 ft: 179 corp: 54/6690b lim: 760 exec/s: 104263 rss: 115Mb L: 116/174 MS: 1 EraseBytes-
#104269	REDUCE cov: 179 ft: 179 corp: 54/6689b lim: 760 exec/s: 104269 rss: 115Mb L: 116/174 MS: 1 EraseBytes-
#104976	REDUCE cov: 179 ft: 179 corp: 54/6678b lim: 760 exec/s: 104976 rss: 115Mb L: 138/174 MS: 2 ChangeByte-EraseBytes-
#105382	REDUCE cov: 179 ft: 179 corp: 54/6671b lim: 760 exec/s: 105382 rss: 116Mb L: 117/174 MS: 1 EraseBytes-
#107653	REDUCE cov: 179 ft: 179 corp: 54/6620b lim: 778 exec/s: 107653 rss: 118Mb L: 117/174 MS: 1 EraseBytes-
#108690	REDUCE cov: 179 ft: 179 corp: 54/6607b lim: 787 exec/s: 108690 rss: 119Mb L: 140/174 MS: 2 CMP-EraseBytes- DE: "\000\000@\000"-
#111801	REDUCE cov: 179 ft: 179 corp: 54/6606b lim: 814 exec/s: 111801 rss: 122Mb L: 122/174 MS: 1 EraseBytes-
#113327	REDUCE cov: 179 ft: 179 corp: 54/6598b lim: 823 exec/s: 113327 rss: 124Mb L: 126/174 MS: 1 EraseBytes-
#115613	REDUCE cov: 179 ft: 179 corp: 54/6595b lim: 841 exec/s: 115613 rss: 126Mb L: 171/171 MS: 1 EraseBytes-
#116279	REDUCE cov: 179 ft: 179 corp: 54/6582b lim: 841 exec/s: 116279 rss: 127Mb L: 125/171 MS: 1 CrossOver-
#117756	REDUCE cov: 179 ft: 179 corp: 54/6580b lim: 850 exec/s: 117756 rss: 128Mb L: 118/171 MS: 2 CrossOver-EraseBytes-
#118037	REDUCE cov: 179 ft: 179 corp: 54/6566b lim: 850 exec/s: 118037 rss: 128Mb L: 154/171 MS: 1 EraseBytes-
#118804	REDUCE cov: 179 ft: 179 corp: 54/6563b lim: 850 exec/s: 118804 rss: 129Mb L: 133/171 MS: 2 ChangeBit-EraseBytes-
#119507	REDUCE cov: 179 ft: 179 corp: 54/6561b lim: 850 exec/s: 119507 rss: 130Mb L: 124/171 MS: 3 ChangeBit-ChangeBinInt-EraseBytes-
#119523	REDUCE cov: 179 ft: 179 corp: 54/6558b lim: 850 exec/s: 119523 rss: 130Mb L: 121/171 MS: 1 CrossOver-
#119961	REDUCE cov: 179 ft: 179 corp: 54/6554b lim: 850 exec/s: 119961 rss: 130Mb L: 116/171 MS: 3 CrossOver-ChangeByte-EraseBytes-
#119987	REDUCE cov: 179 ft: 179 corp: 54/6547b lim: 850 exec/s: 119987 rss: 130Mb L: 118/171 MS: 1 EraseBytes-
#122226	REDUCE cov: 179 ft: 179 corp: 54/6545b lim: 868 exec/s: 122226 rss: 132Mb L: 124/171 MS: 4 ShuffleBytes-PersAutoDict-ShuffleBytes-EraseBytes- DE: "1\001\000\000\000\000\000\000"-
#122483	REDUCE cov: 179 ft: 179 corp: 54/6540b lim: 868 exec/s: 122483 rss: 133Mb L: 117/171 MS: 2 ShuffleBytes-EraseBytes-
#122844	REDUCE cov: 179 ft: 179 corp: 54/6512b lim: 868 exec/s: 122844 rss: 133Mb L: 143/160 MS: 1 EraseBytes-
#122850	REDUCE cov: 179 ft: 179 corp: 54/6507b lim: 868 exec/s: 122850 rss: 133Mb L: 118/160 MS: 1 EraseBytes-
#124647	REDUCE cov: 179 ft: 179 corp: 54/6506b lim: 877 exec/s: 124647 rss: 135Mb L: 116/160 MS: 2 ChangeBinInt-EraseBytes-
#126338	REDUCE cov: 179 ft: 179 corp: 54/6500b lim: 886 exec/s: 126338 rss: 136Mb L: 116/160 MS: 1 EraseBytes-
#127699	REDUCE cov: 179 ft: 179 corp: 54/6486b lim: 895 exec/s: 127699 rss: 138Mb L: 146/159 MS: 1 EraseBytes-
#128825	REDUCE cov: 179 ft: 179 corp: 54/6485b lim: 904 exec/s: 128825 rss: 139Mb L: 120/159 MS: 1 EraseBytes-
#129547	REDUCE cov: 179 ft: 179 corp: 54/6484b lim: 904 exec/s: 129547 rss: 139Mb L: 116/159 MS: 2 ChangeBit-EraseBytes-
#129564	REDUCE cov: 179 ft: 179 corp: 54/6472b lim: 904 exec/s: 129564 rss: 139Mb L: 128/159 MS: 2 ShuffleBytes-EraseBytes-
#131705	REDUCE cov: 179 ft: 179 corp: 54/6464b lim: 922 exec/s: 131705 rss: 141Mb L: 130/159 MS: 1 EraseBytes-
#132486	REDUCE cov: 179 ft: 179 corp: 54/6454b lim: 922 exec/s: 132486 rss: 142Mb L: 120/159 MS: 1 EraseBytes-
#133467	REDUCE cov: 179 ft: 179 corp: 54/6450b lim: 931 exec/s: 133467 rss: 143Mb L: 116/159 MS: 1 EraseBytes-
#133483	REDUCE cov: 179 ft: 179 corp: 54/6440b lim: 931 exec/s: 133483 rss: 143Mb L: 123/159 MS: 1 EraseBytes-
#136918	REDUCE cov: 179 ft: 179 corp: 54/6425b lim: 958 exec/s: 136918 rss: 147Mb L: 118/159 MS: 5 ChangeBinInt-ChangeASCIIInt-InsertRepeatedBytes-ChangeByte-EraseBytes-
#142488	REDUCE cov: 179 ft: 179 corp: 54/6424b lim: 1012 exec/s: 142488 rss: 152Mb L: 121/159 MS: 5 ChangeBinInt-PersAutoDict-InsertByte-ChangeBinInt-EraseBytes- DE: "j\000\000\000\000\000\000\000"-
#143346	REDUCE cov: 179 ft: 179 corp: 54/6419b lim: 1012 exec/s: 143346 rss: 153Mb L: 118/159 MS: 3 CrossOver-ChangeByte-EraseBytes-
#146902	REDUCE cov: 179 ft: 179 corp: 54/6416b lim: 1040 exec/s: 146902 rss: 156Mb L: 117/159 MS: 1 EraseBytes-
#147543	REDUCE cov: 179 ft: 179 corp: 54/6400b lim: 1040 exec/s: 147543 rss: 157Mb L: 130/159 MS: 1 EraseBytes-
#151319	REDUCE cov: 179 ft: 179 corp: 54/6399b lim: 1070 exec/s: 151319 rss: 160Mb L: 142/159 MS: 1 EraseBytes-
#153502	REDUCE cov: 179 ft: 179 corp: 54/6391b lim: 1090 exec/s: 153502 rss: 162Mb L: 118/159 MS: 3 ChangeBinInt-PersAutoDict-EraseBytes- DE: "\000\000\000\200"-
#154194	REDUCE cov: 179 ft: 179 corp: 54/6390b lim: 1090 exec/s: 154194 rss: 163Mb L: 141/159 MS: 2 CrossOver-EraseBytes-
#155740	REDUCE cov: 179 ft: 179 corp: 54/6386b lim: 1100 exec/s: 155740 rss: 165Mb L: 124/159 MS: 1 EraseBytes-
#168651	REDUCE cov: 179 ft: 179 corp: 54/6371b lim: 1220 exec/s: 168651 rss: 177Mb L: 139/159 MS: 1 EraseBytes-
#173192	REDUCE cov: 179 ft: 179 corp: 54/6358b lim: 1260 exec/s: 173192 rss: 181Mb L: 116/159 MS: 1 EraseBytes-
#180093	REDUCE cov: 179 ft: 179 corp: 54/6345b lim: 1320 exec/s: 180093 rss: 188Mb L: 119/159 MS: 1 EraseBytes-
#181314	REDUCE cov: 179 ft: 179 corp: 54/6344b lim: 1330 exec/s: 181314 rss: 189Mb L: 118/159 MS: 1 EraseBytes-
#181900	REDUCE cov: 179 ft: 179 corp: 54/6342b lim: 1330 exec/s: 181900 rss: 189Mb L: 116/159 MS: 1 EraseBytes-
#184293	REDUCE cov: 179 ft: 179 corp: 54/6339b lim: 1350 exec/s: 184293 rss: 192Mb L: 121/159 MS: 3 ChangeBinInt-ShuffleBytes-EraseBytes-
#186344	REDUCE cov: 179 ft: 179 corp: 54/6312b lim: 1370 exec/s: 186344 rss: 194Mb L: 132/149 MS: 1 EraseBytes-
#187466	REDUCE cov: 179 ft: 179 corp: 54/6308b lim: 1380 exec/s: 187466 rss: 195Mb L: 128/149 MS: 2 PersAutoDict-EraseBytes- DE: "\037\000\000\000\000\000\000\000"-
#188874	REDUCE cov: 179 ft: 179 corp: 54/6302b lim: 1390 exec/s: 188874 rss: 196Mb L: 122/149 MS: 3 ChangeASCIIInt-ChangeBit-EraseBytes-
#189980	REDUCE cov: 179 ft: 179 corp: 54/6298b lim: 1400 exec/s: 189980 rss: 197Mb L: 118/149 MS: 1 EraseBytes-
#190728	REDUCE cov: 179 ft: 179 corp: 54/6275b lim: 1400 exec/s: 190728 rss: 198Mb L: 118/149 MS: 3 InsertRepeatedBytes-ShuffleBytes-EraseBytes-
#195929	REDUCE cov: 179 ft: 179 corp: 54/6268b lim: 1450 exec/s: 195929 rss: 203Mb L: 142/142 MS: 1 EraseBytes-
#198157	REDUCE cov: 179 ft: 179 corp: 54/6267b lim: 1470 exec/s: 198157 rss: 205Mb L: 117/142 MS: 3 PersAutoDict-PersAutoDict-EraseBytes- DE: "\200\000\000\000"-"\377\377\377\377\377\377\377s"-
#199833	REDUCE cov: 179 ft: 179 corp: 54/6265b lim: 1480 exec/s: 199833 rss: 207Mb L: 116/142 MS: 1 EraseBytes-
#205634	REDUCE cov: 179 ft: 179 corp: 54/6264b lim: 1530 exec/s: 205634 rss: 212Mb L: 116/142 MS: 1 EraseBytes-
#206208	REDUCE cov: 179 ft: 179 corp: 54/6262b lim: 1530 exec/s: 206208 rss: 213Mb L: 118/142 MS: 4 ChangeBit-PersAutoDict-CMP-EraseBytes- DE: "\000\000@\000"-"\351\000\000\000\000\000\000\000"-
#233085	REDUCE cov: 179 ft: 179 corp: 54/6259b lim: 1790 exec/s: 233085 rss: 238Mb L: 129/142 MS: 2 ChangeBit-EraseBytes-
#242596	REDUCE cov: 179 ft: 179 corp: 54/6258b lim: 1880 exec/s: 242596 rss: 247Mb L: 116/142 MS: 1 EraseBytes-
#250525	REDUCE cov: 179 ft: 179 corp: 54/6252b lim: 1950 exec/s: 250525 rss: 255Mb L: 133/142 MS: 4 ShuffleBytes-EraseBytes-ShuffleBytes-InsertByte-
#259493	REDUCE cov: 179 ft: 179 corp: 54/6250b lim: 2030 exec/s: 259493 rss: 263Mb L: 116/142 MS: 3 CMP-PersAutoDict-EraseBytes- DE: "\000\000\000\000\000\000\000<"-"\377\377\377\377\377\377\377\377"-
#264824	REDUCE cov: 179 ft: 179 corp: 54/6249b lim: 2083 exec/s: 264824 rss: 268Mb L: 128/142 MS: 1 EraseBytes-
#285365	REDUCE cov: 179 ft: 179 corp: 54/6240b lim: 2281 exec/s: 142682 rss: 288Mb L: 116/142 MS: 1 EraseBytes-
#299542	REDUCE cov: 179 ft: 179 corp: 54/6239b lim: 2413 exec/s: 149771 rss: 302Mb L: 116/142 MS: 2 ChangeBit-EraseBytes-
#304273	REDUCE cov: 179 ft: 179 corp: 54/6235b lim: 2457 exec/s: 152136 rss: 306Mb L: 117/142 MS: 1 EraseBytes-
#318244	REDUCE cov: 179 ft: 179 corp: 54/6233b lim: 2589 exec/s: 159122 rss: 320Mb L: 116/142 MS: 1 EraseBytes-
#333385	REDUCE cov: 179 ft: 179 corp: 54/6232b lim: 2732 exec/s: 166692 rss: 334Mb L: 119/142 MS: 1 EraseBytes-
#341076	REDUCE cov: 179 ft: 179 corp: 54/6223b lim: 2798 exec/s: 170538 rss: 341Mb L: 121/142 MS: 1 EraseBytes-
#346807	REDUCE cov: 179 ft: 179 corp: 54/6206b lim: 2853 exec/s: 173403 rss: 347Mb L: 125/139 MS: 1 EraseBytes-
#368518	REDUCE cov: 179 ft: 179 corp: 54/6205b lim: 3062 exec/s: 184259 rss: 367Mb L: 117/139 MS: 1 EraseBytes-
#376806	REDUCE cov: 179 ft: 179 corp: 54/6199b lim: 3139 exec/s: 188403 rss: 375Mb L: 122/139 MS: 3 ChangeBinInt-ShuffleBytes-EraseBytes-
#396213	REDUCE cov: 179 ft: 179 corp: 54/6196b lim: 3326 exec/s: 198106 rss: 393Mb L: 116/139 MS: 2 CrossOver-EraseBytes-
#456599	REDUCE cov: 179 ft: 179 corp: 54/6191b lim: 3920 exec/s: 152199 rss: 451Mb L: 117/139 MS: 1 EraseBytes-
#456700	REDUCE cov: 179 ft: 179 corp: 54/6175b lim: 3920 exec/s: 152233 rss: 451Mb L: 123/136 MS: 1 EraseBytes-
#459972	REDUCE cov: 179 ft: 179 corp: 54/6171b lim: 3942 exec/s: 153324 rss: 454Mb L: 121/136 MS: 2 ChangeBinInt-EraseBytes-
#464015	REDUCE cov: 179 ft: 179 corp: 54/6162b lim: 3975 exec/s: 154671 rss: 459Mb L: 116/136 MS: 3 ShuffleBytes-CrossOver-EraseBytes-
#480831	REDUCE cov: 179 ft: 179 corp: 54/6159b lim: 4096 exec/s: 160277 rss: 459Mb L: 130/136 MS: 1 EraseBytes-
#502237	REDUCE cov: 179 ft: 179 corp: 54/6146b lim: 4096 exec/s: 167412 rss: 467Mb L: 123/136 MS: 1 EraseBytes-
#502318	REDUCE cov: 179 ft: 179 corp: 54/6144b lim: 4096 exec/s: 167439 rss: 467Mb L: 118/136 MS: 1 EraseBytes-
#506069	REDUCE cov: 179 ft: 179 corp: 54/6141b lim: 4096 exec/s: 168689 rss: 470Mb L: 120/136 MS: 1 EraseBytes-
#514235	REDUCE cov: 179 ft: 179 corp: 54/6136b lim: 4096 exec/s: 171411 rss: 471Mb L: 116/136 MS: 1 EraseBytes-
#524288	pulse  cov: 179 ft: 179 corp: 54/6136b lim: 4096 exec/s: 174762 rss: 471Mb
#579189	REDUCE cov: 179 ft: 179 corp: 54/6133b lim: 4096 exec/s: 193063 rss: 477Mb L: 118/136 MS: 4 EraseBytes-PersAutoDict-PersAutoDict-CopyPart- DE: "1\001\000\000\000\000\000\000"-"1\001\000\000\000\000\000\000"-
#591990	REDUCE cov: 179 ft: 179 corp: 54/6122b lim: 4096 exec/s: 197330 rss: 478Mb L: 119/136 MS: 1 EraseBytes-
#631556	REDUCE cov: 179 ft: 179 corp: 54/6116b lim: 4096 exec/s: 157889 rss: 479Mb L: 117/136 MS: 1 EraseBytes-
#680557	REDUCE cov: 179 ft: 179 corp: 54/6115b lim: 4096 exec/s: 170139 rss: 481Mb L: 117/136 MS: 1 EraseBytes-
#708689	REDUCE cov: 179 ft: 179 corp: 54/6114b lim: 4096 exec/s: 177172 rss: 482Mb L: 118/136 MS: 2 ShuffleBytes-EraseBytes-
#727896	REDUCE cov: 179 ft: 179 corp: 54/6113b lim: 4096 exec/s: 181974 rss: 482Mb L: 117/136 MS: 2 ChangeASCIIInt-EraseBytes-
#855409	REDUCE cov: 179 ft: 179 corp: 54/6111b lim: 4096 exec/s: 171081 rss: 483Mb L: 116/136 MS: 3 CrossOver-ChangeByte-EraseBytes-
#920201	REDUCE cov: 179 ft: 179 corp: 54/6110b lim: 4096 exec/s: 184040 rss: 483Mb L: 117/136 MS: 2 EraseBytes-InsertByte-
#957463	REDUCE cov: 179 ft: 179 corp: 54/6091b lim: 4096 exec/s: 191492 rss: 484Mb L: 117/124 MS: 2 InsertByte-EraseBytes-
#995409	REDUCE cov: 179 ft: 179 corp: 54/6085b lim: 4096 exec/s: 165901 rss: 484Mb L: 116/124 MS: 1 EraseBytes-
#1013330	REDUCE cov: 179 ft: 179 corp: 54/6084b lim: 4096 exec/s: 168888 rss: 484Mb L: 116/124 MS: 1 EraseBytes-
#1026122	REDUCE cov: 179 ft: 179 corp: 54/6083b lim: 4096 exec/s: 171020 rss: 484Mb L: 116/124 MS: 2 ChangeBit-EraseBytes-
#1048576	pulse  cov: 179 ft: 179 corp: 54/6083b lim: 4096 exec/s: 174762 rss: 484Mb
#1158323	REDUCE cov: 179 ft: 179 corp: 54/6082b lim: 4096 exec/s: 165474 rss: 484Mb L: 116/124 MS: 1 EraseBytes-
#1159779	REDUCE cov: 179 ft: 179 corp: 54/6081b lim: 4096 exec/s: 165682 rss: 484Mb L: 116/124 MS: 1 EraseBytes-
#1329060	REDUCE cov: 179 ft: 179 corp: 54/6073b lim: 4096 exec/s: 189865 rss: 485Mb L: 116/121 MS: 1 CrossOver-
#1375369	REDUCE cov: 179 ft: 179 corp: 54/6072b lim: 4096 exec/s: 171921 rss: 486Mb L: 116/121 MS: 4 InsertRepeatedBytes-ChangeByte-PersAutoDict-EraseBytes- DE: "\377\377\377\377\377\377\377s"-
#1406375	REDUCE cov: 179 ft: 179 corp: 54/6071b lim: 4096 exec/s: 175796 rss: 486Mb L: 118/121 MS: 1 EraseBytes-
#1669258	REDUCE cov: 179 ft: 179 corp: 54/6070b lim: 4096 exec/s: 185473 rss: 487Mb L: 116/121 MS: 3 ChangeByte-PersAutoDict-EraseBytes- DE: "\200\000\000\000"-
#1879289	REDUCE cov: 179 ft: 179 corp: 54/6068b lim: 4096 exec/s: 170844 rss: 488Mb L: 116/121 MS: 1 EraseBytes-
#1987673	REDUCE cov: 179 ft: 179 corp: 54/6067b lim: 4096 exec/s: 180697 rss: 488Mb L: 117/121 MS: 4 ShuffleBytes-InsertByte-ShuffleBytes-EraseBytes-
#2005200	REDUCE cov: 179 ft: 179 corp: 54/6065b lim: 4096 exec/s: 182290 rss: 488Mb L: 116/121 MS: 2 PersAutoDict-EraseBytes- DE: "\200\000\000\000"-
#2097152	pulse  cov: 179 ft: 179 corp: 54/6065b lim: 4096 exec/s: 174762 rss: 488Mb
#2162223	REDUCE cov: 179 ft: 179 corp: 54/6063b lim: 4096 exec/s: 180185 rss: 488Mb L: 116/121 MS: 3 CrossOver-CMP-EraseBytes- DE: "\001\000@\000"-
#2461835	REDUCE cov: 179 ft: 179 corp: 54/6060b lim: 4096 exec/s: 175845 rss: 488Mb L: 117/121 MS: 2 ShuffleBytes-EraseBytes-
#2517416	REDUCE cov: 179 ft: 179 corp: 54/6059b lim: 4096 exec/s: 179815 rss: 488Mb L: 116/121 MS: 1 EraseBytes-
#2744822	REDUCE cov: 179 ft: 179 corp: 54/6058b lim: 4096 exec/s: 182988 rss: 488Mb L: 117/121 MS: 1 EraseBytes-
#2799318	REDUCE cov: 179 ft: 179 corp: 54/6056b lim: 4096 exec/s: 174957 rss: 488Mb L: 117/121 MS: 1 EraseBytes-
#2807897	REDUCE cov: 179 ft: 179 corp: 54/6054b lim: 4096 exec/s: 175493 rss: 488Mb L: 116/121 MS: 4 EraseBytes-CrossOver-ChangeBit-CopyPart-
#2859620	REDUCE cov: 179 ft: 179 corp: 54/6049b lim: 4096 exec/s: 178726 rss: 488Mb L: 116/118 MS: 3 ChangeBinInt-ChangeBit-EraseBytes-
#2940497	REDUCE cov: 179 ft: 179 corp: 54/6047b lim: 4096 exec/s: 183781 rss: 488Mb L: 116/117 MS: 2 ShuffleBytes-EraseBytes-
#3082339	REDUCE cov: 179 ft: 179 corp: 54/6046b lim: 4096 exec/s: 181314 rss: 488Mb L: 116/117 MS: 2 ChangeBinInt-EraseBytes-
#3252908	REDUCE cov: 179 ft: 179 corp: 54/6045b lim: 4096 exec/s: 180717 rss: 489Mb L: 116/117 MS: 4 ChangeBinInt-InsertByte-ShuffleBytes-EraseBytes-
#3546119	REDUCE cov: 179 ft: 179 corp: 54/6044b lim: 4096 exec/s: 177305 rss: 489Mb L: 116/117 MS: 1 EraseBytes-
#3719622	REDUCE cov: 179 ft: 179 corp: 54/6043b lim: 4096 exec/s: 177124 rss: 489Mb L: 116/117 MS: 3 PersAutoDict-ChangeBit-EraseBytes- DE: "\001\000@\000"-
#3763327	REDUCE cov: 179 ft: 179 corp: 54/6042b lim: 4096 exec/s: 179206 rss: 489Mb L: 116/117 MS: 5 CopyPart-ChangeBit-InsertByte-InsertByte-EraseBytes-
#4194304	pulse  cov: 179 ft: 179 corp: 54/6042b lim: 4096 exec/s: 182361 rss: 490Mb
#5669963	REDUCE cov: 179 ft: 179 corp: 54/6041b lim: 4096 exec/s: 177186 rss: 490Mb L: 116/117 MS: 1 EraseBytes-
#8388608	pulse  cov: 179 ft: 179 corp: 54/6041b lim: 4096 exec/s: 178481 rss: 490Mb
#11921949	REDUCE cov: 179 ft: 179 corp: 54/6040b lim: 4096 exec/s: 177939 rss: 490Mb L: 116/117 MS: 1 EraseBytes-
	NEW_FUNC[1/2]: 0x0001032068c4 in _RNvNtCs5kdeFrKHh7I_7annpack6format18checked_file_range+0x0 (open_pack_prefixed:arm64+0x10021e8c4)
	NEW_FUNC[2/2]: 0x000103229ffc in _RNvXs1i_NtCslMrVTRHhvCc_4core3fmtReNtB6_7Display3fmtCs5kdeFrKHh7I_7annpack+0x0 (open_pack_prefixed:arm64+0x100241ffc)
#16506077	REDUCE cov: 188 ft: 188 corp: 55/6257b lim: 4096 exec/s: 179413 rss: 491Mb L: 217/217 MS: 3 InsertRepeatedBytes-ChangeBinInt-CMP- DE: "\000\240\000\000\000\000\000\000"-
#16506334	REDUCE cov: 188 ft: 188 corp: 55/6173b lim: 4096 exec/s: 179416 rss: 491Mb L: 133/133 MS: 2 PersAutoDict-EraseBytes- DE: "\000\000@\000"-
#16590835	REDUCE cov: 188 ft: 188 corp: 55/6168b lim: 4096 exec/s: 180335 rss: 491Mb L: 128/128 MS: 1 EraseBytes-
#16677027	REDUCE cov: 188 ft: 188 corp: 55/6163b lim: 4096 exec/s: 179322 rss: 491Mb L: 123/123 MS: 2 InsertRepeatedBytes-EraseBytes-
#16777216	pulse  cov: 188 ft: 188 corp: 55/6163b lim: 4096 exec/s: 180400 rss: 491Mb
#16807769	REDUCE cov: 188 ft: 188 corp: 55/6162b lim: 4096 exec/s: 178806 rss: 491Mb L: 122/122 MS: 2 ShuffleBytes-EraseBytes-
#16843780	REDUCE cov: 188 ft: 188 corp: 55/6160b lim: 4096 exec/s: 179189 rss: 491Mb L: 120/120 MS: 1 EraseBytes-
#16961222	REDUCE cov: 188 ft: 188 corp: 55/6159b lim: 4096 exec/s: 178539 rss: 491Mb L: 119/119 MS: 2 ShuffleBytes-EraseBytes-
#17111883	REDUCE cov: 188 ft: 188 corp: 55/6156b lim: 4096 exec/s: 180125 rss: 491Mb L: 116/117 MS: 1 EraseBytes-
#19280051	REDUCE cov: 189 ft: 189 corp: 56/6275b lim: 4096 exec/s: 180187 rss: 492Mb L: 119/119 MS: 3 InsertByte-CMP-PersAutoDict- DE: "\000\210"-"\377\377\377\377\377\377\377\377"-
#19293398	REDUCE cov: 189 ft: 189 corp: 56/6272b lim: 4096 exec/s: 178642 rss: 492Mb L: 116/117 MS: 2 EraseBytes-InsertByte-
#19755674	REDUCE cov: 189 ft: 189 corp: 56/6271b lim: 4096 exec/s: 179597 rss: 493Mb L: 116/117 MS: 1 EraseBytes-
#21165185	REDUCE cov: 189 ft: 189 corp: 56/6270b lim: 4096 exec/s: 179365 rss: 493Mb L: 116/117 MS: 1 EraseBytes-
#33554432	pulse  cov: 189 ft: 189 corp: 56/6270b lim: 4096 exec/s: 179435 rss: 493Mb
#40266996	REDUCE cov: 189 ft: 189 corp: 56/6269b lim: 4096 exec/s: 179763 rss: 493Mb L: 116/116 MS: 1 EraseBytes-
#67108864	pulse  cov: 189 ft: 189 corp: 56/6269b lim: 4096 exec/s: 179435 rss: 493Mb
#134217728	pulse  cov: 189 ft: 189 corp: 56/6269b lim: 4096 exec/s: 179195 rss: 493Mb
#268435456	pulse  cov: 189 ft: 189 corp: 56/6269b lim: 4096 exec/s: 177889 rss: 494Mb
#536870912	pulse  cov: 189 ft: 189 corp: 56/6269b lim: 4096 exec/s: 176138 rss: 494Mb
#1073741824	pulse  cov: 189 ft: 189 corp: 56/6269b lim: 4096 exec/s: 173941 rss: 494Mb
#2147483648	pulse  cov: 189 ft: 189 corp: 56/6269b lim: 4096 exec/s: 171812 rss: 494Mb
#3687064516	DONE   cov: 189 ft: 189 corp: 56/6269b lim: 4096 exec/s: 170689 rss: 494Mb
###### Recommended dictionary. ######
"\200\000\000\000" # Uses: 15300580
"\377\377\377\377\377\377\377\377" # Uses: 15293685
"\025\012\202\202" # Uses: 15307494
"\225\000\000\000\000\000\000\000" # Uses: 15293345
"\001\364" # Uses: 15292081
")\012\202\202" # Uses: 15294354
"\377\377\377\377\377\377\377s" # Uses: 15293843
"j\000\000\000\000\000\000\000" # Uses: 15301063
"\200\000\000\000\000\000\000\000" # Uses: 15299741
"\311\000\000\000\000\000\000\000" # Uses: 15282625
"\000\000\000\200" # Uses: 15296911
"\364\000\000\000\000\000\000\000" # Uses: 15294857
"1\001\000\000\000\000\000\000" # Uses: 15283131
"\001\000\000\000\000\000\000|" # Uses: 15281822
"\037\000\000\000\000\000\000\000" # Uses: 15305031
"\206\000\000\000" # Uses: 15289119
"\000\000@\000" # Uses: 15278710
"\351\000\000\000\000\000\000\000" # Uses: 15291224
"\000\000\000\000\000\000\000<" # Uses: 15301353
"\001\000@\000" # Uses: 15279580
"\000\240\000\000\000\000\000\000" # Uses: 15223401
"\000\210" # Uses: 15205648
###### End of recommended dictionary. ######
Done 3687064516 runs in 21601 second(s)
